Archive member included to satisfy reference by file (symbol)

c:/program files (x86)/atmel/studio/7.0/toolchain/avr8/avr8-gnu-toolchain/bin/../lib/gcc/avr/5.4.0/avr51\libgcc.a(_exit.o)
                              C:/Program Files (x86)/Atmel/Studio/7.0/Packs/atmel/ATmega_DFP/1.3.300/gcc/dev/atmega1284/avr51/crtatmega1284.o (exit)
c:/program files (x86)/atmel/studio/7.0/toolchain/avr8/avr8-gnu-toolchain/bin/../lib/gcc/avr/5.4.0/avr51\libgcc.a(_copy_data.o)
                              main.o (__do_copy_data)
c:/program files (x86)/atmel/studio/7.0/toolchain/avr8/avr8-gnu-toolchain/bin/../lib/gcc/avr/5.4.0/avr51\libgcc.a(_clear_bss.o)
                              croutine.o (__do_clear_bss)
c:/program files (x86)/atmel/studio/7.0/toolchain/avr8/avr8-gnu-toolchain/bin/../lib/gcc/avr/5.4.0/../../../../avr/lib/avr51\libc.a(memcpy.o)
                              queue.o (memcpy)
c:/program files (x86)/atmel/studio/7.0/toolchain/avr8/avr8-gnu-toolchain/bin/../lib/gcc/avr/5.4.0/../../../../avr/lib/avr51\libc.a(memset.o)
                              stream_buffer.o (memset)

Allocating common symbols
Common symbol       size              file

tmp                 0x1               main.o
led_state           0x1               main.o
tmp_2               0x1               main.o

Discarded input sections

 .data          0x00000000        0x0 C:/Program Files (x86)/Atmel/Studio/7.0/Packs/atmel/ATmega_DFP/1.3.300/gcc/dev/atmega1284/avr51/crtatmega1284.o
 .bss           0x00000000        0x0 C:/Program Files (x86)/Atmel/Studio/7.0/Packs/atmel/ATmega_DFP/1.3.300/gcc/dev/atmega1284/avr51/crtatmega1284.o
 .text          0x00000000        0x0 croutine.o
 .data          0x00000000        0x0 croutine.o
 .bss           0x00000000        0x0 croutine.o
 .bss.pxReadyCoRoutineLists
                0x00000000       0x12 croutine.o
 .bss.xDelayedCoRoutineList1
                0x00000000        0x9 croutine.o
 .bss.xDelayedCoRoutineList2
                0x00000000        0x9 croutine.o
 .bss.pxDelayedCoRoutineList
                0x00000000        0x2 croutine.o
 .bss.pxOverflowDelayedCoRoutineList
                0x00000000        0x2 croutine.o
 .bss.xPendingReadyCoRoutineList
                0x00000000        0x9 croutine.o
 .bss.pxCurrentCoRoutine
                0x00000000        0x2 croutine.o
 .bss.uxTopCoRoutineReadyPriority
                0x00000000        0x1 croutine.o
 .bss.xCoRoutineTickCount
                0x00000000        0x2 croutine.o
 .bss.xLastTickCount
                0x00000000        0x2 croutine.o
 .bss.xPassedTicks
                0x00000000        0x2 croutine.o
 .text.xCoRoutineCreate
                0x00000000      0x138 croutine.o
 .text.vCoRoutineAddToDelayedList
                0x00000000       0xca croutine.o
 .text.prvCheckPendingReadyList
                0x00000000       0x9a croutine.o
 .text.prvCheckDelayedList
                0x00000000      0x16e croutine.o
 .text.vCoRoutineSchedule
                0x00000000      0x10a croutine.o
 .text.prvInitialiseCoRoutineLists
                0x00000000       0x74 croutine.o
 .text.xCoRoutineRemoveFromEventList
                0x00000000       0x72 croutine.o
 .debug_info    0x00000000      0x4e0 croutine.o
 .debug_abbrev  0x00000000      0x189 croutine.o
 .debug_loc     0x00000000      0x1f7 croutine.o
 .debug_aranges
                0x00000000       0x50 croutine.o
 .debug_ranges  0x00000000       0x40 croutine.o
 .debug_line    0x00000000      0x441 croutine.o
 .debug_str     0x00000000      0x4fb croutine.o
 .comment       0x00000000       0x31 croutine.o
 .debug_frame   0x00000000       0xf4 croutine.o
 .text          0x00000000        0x0 event_groups.o
 .data          0x00000000        0x0 event_groups.o
 .bss           0x00000000        0x0 event_groups.o
 .text.xEventGroupCreate
                0x00000000       0x40 event_groups.o
 .text.xEventGroupSync
                0x00000000      0x17a event_groups.o
 .text.xEventGroupWaitBits
                0x00000000      0x192 event_groups.o
 .text.xEventGroupClearBits
                0x00000000       0x72 event_groups.o
 .text.xEventGroupGetBitsFromISR
                0x00000000       0x46 event_groups.o
 .text.xEventGroupSetBits
                0x00000000      0x17a event_groups.o
 .text.vEventGroupDelete
                0x00000000       0x68 event_groups.o
 .text.vEventGroupSetBitsCallback
                0x00000000       0x3c event_groups.o
 .text.vEventGroupClearBitsCallback
                0x00000000       0x3c event_groups.o
 .text.prvTestWaitCondition
                0x00000000       0x64 event_groups.o
 .debug_info    0x00000000      0x666 event_groups.o
 .debug_abbrev  0x00000000      0x140 event_groups.o
 .debug_loc     0x00000000      0x2e5 event_groups.o
 .debug_aranges
                0x00000000       0x68 event_groups.o
 .debug_ranges  0x00000000       0x58 event_groups.o
 .debug_line    0x00000000      0x50c event_groups.o
 .debug_str     0x00000000      0x504 event_groups.o
 .comment       0x00000000       0x31 event_groups.o
 .debug_frame   0x00000000      0x160 event_groups.o
 .text          0x00000000        0x0 heap_1.o
 .data          0x00000000        0x0 heap_1.o
 .bss           0x00000000        0x0 heap_1.o
 .text.vPortInitialiseBlocks
                0x00000000       0x18 heap_1.o
 .text.xPortGetFreeHeapSize
                0x00000000       0x22 heap_1.o
 .text          0x00000000        0x0 list.o
 .data          0x00000000        0x0 list.o
 .bss           0x00000000        0x0 list.o
 .text          0x00000000        0x0 main.o
 .data          0x00000000        0x0 main.o
 .bss           0x00000000        0x0 main.o
 .text          0x00000000        0x0 port.o
 .data          0x00000000        0x0 port.o
 .bss           0x00000000        0x0 port.o
 .text.vPortEndScheduler
                0x00000000       0x10 port.o
 .text          0x00000000        0x0 queue.o
 .data          0x00000000        0x0 queue.o
 .bss           0x00000000        0x0 queue.o
 .text.xQueueGenericReset
                0x00000000      0x126 queue.o
 .text.xQueueGenericCreate
                0x00000000       0xa0 queue.o
 .text.prvInitialiseNewQueue
                0x00000000       0x80 queue.o
 .text.xQueueGenericSend
                0x00000000      0x162 queue.o
 .text.xQueueGenericSendFromISR
                0x00000000       0xbe queue.o
 .text.xQueueGiveFromISR
                0x00000000       0xb4 queue.o
 .text.xQueueReceive
                0x00000000      0x162 queue.o
 .text.xQueueSemaphoreTake
                0x00000000      0x150 queue.o
 .text.xQueuePeek
                0x00000000      0x170 queue.o
 .text.xQueueReceiveFromISR
                0x00000000       0xbe queue.o
 .text.xQueuePeekFromISR
                0x00000000       0x78 queue.o
 .text.uxQueueMessagesWaiting
                0x00000000       0x32 queue.o
 .text.uxQueueSpacesAvailable
                0x00000000       0x4e queue.o
 .text.uxQueueMessagesWaitingFromISR
                0x00000000       0x36 queue.o
 .text.vQueueDelete
                0x00000000       0x30 queue.o
 .text.prvCopyDataToQueue
                0x00000000      0x176 queue.o
 .text.prvCopyDataFromQueue
                0x00000000       0xa2 queue.o
 .text.prvUnlockQueue
                0x00000000       0xbc queue.o
 .text.prvIsQueueEmpty
                0x00000000       0x3c queue.o
 .text.xQueueIsQueueEmptyFromISR
                0x00000000       0x40 queue.o
 .text.prvIsQueueFull
                0x00000000       0x44 queue.o
 .text.xQueueIsQueueFullFromISR
                0x00000000       0x48 queue.o
 .text.xQueueCRSend
                0x00000000       0xc2 queue.o
 .text.xQueueCRReceive
                0x00000000      0x132 queue.o
 .text.xQueueCRSendFromISR
                0x00000000       0x82 queue.o
 .text.xQueueCRReceiveFromISR
                0x00000000      0x108 queue.o
 .debug_info    0x00000000      0xe46 queue.o
 .debug_abbrev  0x00000000      0x1c1 queue.o
 .debug_loc     0x00000000      0x775 queue.o
 .debug_aranges
                0x00000000       0xe8 queue.o
 .debug_ranges  0x00000000       0xd8 queue.o
 .debug_line    0x00000000      0xd6c queue.o
 .debug_str     0x00000000      0x72b queue.o
 .comment       0x00000000       0x31 queue.o
 .debug_frame   0x00000000      0x36c queue.o
 .text          0x00000000        0x0 stream_buffer.o
 .data          0x00000000        0x0 stream_buffer.o
 .bss           0x00000000        0x0 stream_buffer.o
 .text.xStreamBufferGenericCreate
                0x00000000       0x92 stream_buffer.o
 .text.vStreamBufferDelete
                0x00000000       0x56 stream_buffer.o
 .text.xStreamBufferReset
                0x00000000       0x9e stream_buffer.o
 .text.xStreamBufferSetTriggerLevel
                0x00000000       0x72 stream_buffer.o
 .text.xStreamBufferSpacesAvailable
                0x00000000       0x9e stream_buffer.o
 .text.xStreamBufferBytesAvailable
                0x00000000       0x3c stream_buffer.o
 .text.xStreamBufferSend
                0x00000000      0x19a stream_buffer.o
 .text.xStreamBufferSendFromISR
                0x00000000       0xfe stream_buffer.o
 .text.prvWriteMessageToBuffer
                0x00000000       0xcc stream_buffer.o
 .text.xStreamBufferReceive
                0x00000000      0x178 stream_buffer.o
 .text.xStreamBufferNextMessageLengthBytes
                0x00000000       0xa4 stream_buffer.o
 .text.xStreamBufferReceiveFromISR
                0x00000000       0xf2 stream_buffer.o
 .text.prvReadMessageFromBuffer
                0x00000000       0xd0 stream_buffer.o
 .text.xStreamBufferIsEmpty
                0x00000000       0x5e stream_buffer.o
 .text.xStreamBufferIsFull
                0x00000000       0x72 stream_buffer.o
 .text.xStreamBufferSendCompletedFromISR
                0x00000000       0x8a stream_buffer.o
 .text.xStreamBufferReceiveCompletedFromISR
                0x00000000       0x8a stream_buffer.o
 .text.prvWriteBytesToBuffer
                0x00000000      0x10e stream_buffer.o
 .text.prvReadBytesFromBuffer
                0x00000000      0x12e stream_buffer.o
 .text.prvBytesInBuffer
                0x00000000       0x86 stream_buffer.o
 .text.prvInitialiseNewStreamBuffer
                0x00000000       0x82 stream_buffer.o
 .debug_info    0x00000000      0xb69 stream_buffer.o
 .debug_abbrev  0x00000000      0x19a stream_buffer.o
 .debug_loc     0x00000000      0x76b stream_buffer.o
 .debug_aranges
                0x00000000       0xc0 stream_buffer.o
 .debug_ranges  0x00000000       0xb0 stream_buffer.o
 .debug_line    0x00000000      0x8b7 stream_buffer.o
 .debug_str     0x00000000      0x6f4 stream_buffer.o
 .comment       0x00000000       0x31 stream_buffer.o
 .debug_frame   0x00000000      0x35c stream_buffer.o
 .text          0x00000000        0x0 tasks.o
 .data          0x00000000        0x0 tasks.o
 .bss           0x00000000        0x0 tasks.o
 .text.vTaskDelete
                0x00000000       0xd2 tasks.o
 .text.vTaskDelayUntil
                0x00000000       0xf4 tasks.o
 .text.vTaskEndScheduler
                0x00000000       0x1a tasks.o
 .text.xTaskGetTickCount
                0x00000000       0x2e tasks.o
 .text.xTaskGetTickCountFromISR
                0x00000000       0x2a tasks.o
 .text.uxTaskGetNumberOfTasks
                0x00000000       0x12 tasks.o
 .text.pcTaskGetName
                0x00000000       0x3e tasks.o
 .text.vTaskPlaceOnEventList
                0x00000000       0x46 tasks.o
 .text.vTaskPlaceOnUnorderedEventList
                0x00000000       0x64 tasks.o
 .text.xTaskRemoveFromEventList
                0x00000000       0xda tasks.o
 .text.vTaskRemoveFromUnorderedEventList
                0x00000000       0xc8 tasks.o
 .text.vTaskSetTimeOutState
                0x00000000       0x42 tasks.o
 .text.vTaskInternalSetTimeOutState
                0x00000000       0x38 tasks.o
 .text.xTaskCheckForTimeOut
                0x00000000       0xd4 tasks.o
 .text.vTaskMissedYield
                0x00000000       0x16 tasks.o
 .text.uxTaskResetEventItemValue
                0x00000000       0x54 tasks.o
 .text.ulTaskNotifyTake
                0x00000000       0xfa tasks.o
 .text.xTaskNotifyWait
                0x00000000      0x14c tasks.o
 .text.xTaskGenericNotify
                0x00000000      0x1c2 tasks.o
 .text.xTaskGenericNotifyFromISR
                0x00000000      0x1f6 tasks.o
 .text.vTaskNotifyGiveFromISR
                0x00000000      0x11a tasks.o
 .text.xTaskNotifyStateClear
                0x00000000       0x64 tasks.o
 .text          0x00000000        0x0 timers.o
 .data          0x00000000        0x0 timers.o
 .bss           0x00000000        0x0 timers.o
 .debug_info    0x00000000       0x64 timers.o
 .debug_abbrev  0x00000000       0x26 timers.o
 .debug_aranges
                0x00000000       0x18 timers.o
 .debug_line    0x00000000       0x1a timers.o
 .debug_str     0x00000000      0x19a timers.o
 .comment       0x00000000       0x31 timers.o
 .text          0x00000000        0x0 c:/program files (x86)/atmel/studio/7.0/toolchain/avr8/avr8-gnu-toolchain/bin/../lib/gcc/avr/5.4.0/avr51\libgcc.a(_exit.o)
 .data          0x00000000        0x0 c:/program files (x86)/atmel/studio/7.0/toolchain/avr8/avr8-gnu-toolchain/bin/../lib/gcc/avr/5.4.0/avr51\libgcc.a(_exit.o)
 .bss           0x00000000        0x0 c:/program files (x86)/atmel/studio/7.0/toolchain/avr8/avr8-gnu-toolchain/bin/../lib/gcc/avr/5.4.0/avr51\libgcc.a(_exit.o)
 .text.libgcc.mul
                0x00000000        0x0 c:/program files (x86)/atmel/studio/7.0/toolchain/avr8/avr8-gnu-toolchain/bin/../lib/gcc/avr/5.4.0/avr51\libgcc.a(_exit.o)
 .text.libgcc.div
                0x00000000        0x0 c:/program files (x86)/atmel/studio/7.0/toolchain/avr8/avr8-gnu-toolchain/bin/../lib/gcc/avr/5.4.0/avr51\libgcc.a(_exit.o)
 .text.libgcc   0x00000000        0x0 c:/program files (x86)/atmel/studio/7.0/toolchain/avr8/avr8-gnu-toolchain/bin/../lib/gcc/avr/5.4.0/avr51\libgcc.a(_exit.o)
 .text.libgcc.prologue
                0x00000000        0x0 c:/program files (x86)/atmel/studio/7.0/toolchain/avr8/avr8-gnu-toolchain/bin/../lib/gcc/avr/5.4.0/avr51\libgcc.a(_exit.o)
 .text.libgcc.builtins
                0x00000000        0x0 c:/program files (x86)/atmel/studio/7.0/toolchain/avr8/avr8-gnu-toolchain/bin/../lib/gcc/avr/5.4.0/avr51\libgcc.a(_exit.o)
 .text.libgcc.fmul
                0x00000000        0x0 c:/program files (x86)/atmel/studio/7.0/toolchain/avr8/avr8-gnu-toolchain/bin/../lib/gcc/avr/5.4.0/avr51\libgcc.a(_exit.o)
 .text.libgcc.fixed
                0x00000000        0x0 c:/program files (x86)/atmel/studio/7.0/toolchain/avr8/avr8-gnu-toolchain/bin/../lib/gcc/avr/5.4.0/avr51\libgcc.a(_exit.o)
 .text          0x00000000        0x0 c:/program files (x86)/atmel/studio/7.0/toolchain/avr8/avr8-gnu-toolchain/bin/../lib/gcc/avr/5.4.0/avr51\libgcc.a(_copy_data.o)
 .data          0x00000000        0x0 c:/program files (x86)/atmel/studio/7.0/toolchain/avr8/avr8-gnu-toolchain/bin/../lib/gcc/avr/5.4.0/avr51\libgcc.a(_copy_data.o)
 .bss           0x00000000        0x0 c:/program files (x86)/atmel/studio/7.0/toolchain/avr8/avr8-gnu-toolchain/bin/../lib/gcc/avr/5.4.0/avr51\libgcc.a(_copy_data.o)
 .text.libgcc.mul
                0x00000000        0x0 c:/program files (x86)/atmel/studio/7.0/toolchain/avr8/avr8-gnu-toolchain/bin/../lib/gcc/avr/5.4.0/avr51\libgcc.a(_copy_data.o)
 .text.libgcc.div
                0x00000000        0x0 c:/program files (x86)/atmel/studio/7.0/toolchain/avr8/avr8-gnu-toolchain/bin/../lib/gcc/avr/5.4.0/avr51\libgcc.a(_copy_data.o)
 .text.libgcc   0x00000000        0x0 c:/program files (x86)/atmel/studio/7.0/toolchain/avr8/avr8-gnu-toolchain/bin/../lib/gcc/avr/5.4.0/avr51\libgcc.a(_copy_data.o)
 .text.libgcc.prologue
                0x00000000        0x0 c:/program files (x86)/atmel/studio/7.0/toolchain/avr8/avr8-gnu-toolchain/bin/../lib/gcc/avr/5.4.0/avr51\libgcc.a(_copy_data.o)
 .text.libgcc.builtins
                0x00000000        0x0 c:/program files (x86)/atmel/studio/7.0/toolchain/avr8/avr8-gnu-toolchain/bin/../lib/gcc/avr/5.4.0/avr51\libgcc.a(_copy_data.o)
 .text.libgcc.fmul
                0x00000000        0x0 c:/program files (x86)/atmel/studio/7.0/toolchain/avr8/avr8-gnu-toolchain/bin/../lib/gcc/avr/5.4.0/avr51\libgcc.a(_copy_data.o)
 .text.libgcc.fixed
                0x00000000        0x0 c:/program files (x86)/atmel/studio/7.0/toolchain/avr8/avr8-gnu-toolchain/bin/../lib/gcc/avr/5.4.0/avr51\libgcc.a(_copy_data.o)
 .text          0x00000000        0x0 c:/program files (x86)/atmel/studio/7.0/toolchain/avr8/avr8-gnu-toolchain/bin/../lib/gcc/avr/5.4.0/avr51\libgcc.a(_clear_bss.o)
 .data          0x00000000        0x0 c:/program files (x86)/atmel/studio/7.0/toolchain/avr8/avr8-gnu-toolchain/bin/../lib/gcc/avr/5.4.0/avr51\libgcc.a(_clear_bss.o)
 .bss           0x00000000        0x0 c:/program files (x86)/atmel/studio/7.0/toolchain/avr8/avr8-gnu-toolchain/bin/../lib/gcc/avr/5.4.0/avr51\libgcc.a(_clear_bss.o)
 .text.libgcc.mul
                0x00000000        0x0 c:/program files (x86)/atmel/studio/7.0/toolchain/avr8/avr8-gnu-toolchain/bin/../lib/gcc/avr/5.4.0/avr51\libgcc.a(_clear_bss.o)
 .text.libgcc.div
                0x00000000        0x0 c:/program files (x86)/atmel/studio/7.0/toolchain/avr8/avr8-gnu-toolchain/bin/../lib/gcc/avr/5.4.0/avr51\libgcc.a(_clear_bss.o)
 .text.libgcc   0x00000000        0x0 c:/program files (x86)/atmel/studio/7.0/toolchain/avr8/avr8-gnu-toolchain/bin/../lib/gcc/avr/5.4.0/avr51\libgcc.a(_clear_bss.o)
 .text.libgcc.prologue
                0x00000000        0x0 c:/program files (x86)/atmel/studio/7.0/toolchain/avr8/avr8-gnu-toolchain/bin/../lib/gcc/avr/5.4.0/avr51\libgcc.a(_clear_bss.o)
 .text.libgcc.builtins
                0x00000000        0x0 c:/program files (x86)/atmel/studio/7.0/toolchain/avr8/avr8-gnu-toolchain/bin/../lib/gcc/avr/5.4.0/avr51\libgcc.a(_clear_bss.o)
 .text.libgcc.fmul
                0x00000000        0x0 c:/program files (x86)/atmel/studio/7.0/toolchain/avr8/avr8-gnu-toolchain/bin/../lib/gcc/avr/5.4.0/avr51\libgcc.a(_clear_bss.o)
 .text.libgcc.fixed
                0x00000000        0x0 c:/program files (x86)/atmel/studio/7.0/toolchain/avr8/avr8-gnu-toolchain/bin/../lib/gcc/avr/5.4.0/avr51\libgcc.a(_clear_bss.o)
 .text          0x00000000        0x0 c:/program files (x86)/atmel/studio/7.0/toolchain/avr8/avr8-gnu-toolchain/bin/../lib/gcc/avr/5.4.0/../../../../avr/lib/avr51\libc.a(memcpy.o)
 .data          0x00000000        0x0 c:/program files (x86)/atmel/studio/7.0/toolchain/avr8/avr8-gnu-toolchain/bin/../lib/gcc/avr/5.4.0/../../../../avr/lib/avr51\libc.a(memcpy.o)
 .bss           0x00000000        0x0 c:/program files (x86)/atmel/studio/7.0/toolchain/avr8/avr8-gnu-toolchain/bin/../lib/gcc/avr/5.4.0/../../../../avr/lib/avr51\libc.a(memcpy.o)
 .text.avr-libc
                0x00000000       0x12 c:/program files (x86)/atmel/studio/7.0/toolchain/avr8/avr8-gnu-toolchain/bin/../lib/gcc/avr/5.4.0/../../../../avr/lib/avr51\libc.a(memcpy.o)
 .text          0x00000000        0x0 c:/program files (x86)/atmel/studio/7.0/toolchain/avr8/avr8-gnu-toolchain/bin/../lib/gcc/avr/5.4.0/../../../../avr/lib/avr51\libc.a(memset.o)
 .data          0x00000000        0x0 c:/program files (x86)/atmel/studio/7.0/toolchain/avr8/avr8-gnu-toolchain/bin/../lib/gcc/avr/5.4.0/../../../../avr/lib/avr51\libc.a(memset.o)
 .bss           0x00000000        0x0 c:/program files (x86)/atmel/studio/7.0/toolchain/avr8/avr8-gnu-toolchain/bin/../lib/gcc/avr/5.4.0/../../../../avr/lib/avr51\libc.a(memset.o)
 .text.avr-libc
                0x00000000        0xe c:/program files (x86)/atmel/studio/7.0/toolchain/avr8/avr8-gnu-toolchain/bin/../lib/gcc/avr/5.4.0/../../../../avr/lib/avr51\libc.a(memset.o)

Memory Configuration

Name             Origin             Length             Attributes
text             0x00000000         0x00020000         xr
data             0x00800100         0x0000ff00         rw !x
eeprom           0x00810000         0x00010000         rw !x
fuse             0x00820000         0x00000003         rw !x
lock             0x00830000         0x00000400         rw !x
signature        0x00840000         0x00000400         rw !x
user_signatures  0x00850000         0x00000400         rw !x
*default*        0x00000000         0xffffffff

Linker script and memory map

Address of section .data set to 0x800100
LOAD C:/Program Files (x86)/Atmel/Studio/7.0/Packs/atmel/ATmega_DFP/1.3.300/gcc/dev/atmega1284/avr51/crtatmega1284.o
LOAD croutine.o
LOAD event_groups.o
LOAD heap_1.o
LOAD list.o
LOAD main.o
LOAD port.o
LOAD queue.o
LOAD stream_buffer.o
LOAD tasks.o
LOAD timers.o
START GROUP
LOAD c:/program files (x86)/atmel/studio/7.0/toolchain/avr8/avr8-gnu-toolchain/bin/../lib/gcc/avr/5.4.0/../../../../avr/lib/avr51\libm.a
END GROUP
START GROUP
LOAD c:/program files (x86)/atmel/studio/7.0/toolchain/avr8/avr8-gnu-toolchain/bin/../lib/gcc/avr/5.4.0/avr51\libgcc.a
LOAD c:/program files (x86)/atmel/studio/7.0/toolchain/avr8/avr8-gnu-toolchain/bin/../lib/gcc/avr/5.4.0/../../../../avr/lib/avr51\libm.a
LOAD c:/program files (x86)/atmel/studio/7.0/toolchain/avr8/avr8-gnu-toolchain/bin/../lib/gcc/avr/5.4.0/../../../../avr/lib/avr51\libc.a
LOAD C:/Program Files (x86)/Atmel/Studio/7.0/Packs/atmel/ATmega_DFP/1.3.300/gcc/dev/atmega1284/avr51\libatmega1284.a
END GROUP
                0x00000000                __TEXT_REGION_ORIGIN__ = DEFINED (__TEXT_REGION_ORIGIN__)?__TEXT_REGION_ORIGIN__:0x0
                0x00800100                __DATA_REGION_ORIGIN__ = DEFINED (__DATA_REGION_ORIGIN__)?__DATA_REGION_ORIGIN__:0x800100
                0x00020000                __TEXT_REGION_LENGTH__ = DEFINED (__TEXT_REGION_LENGTH__)?__TEXT_REGION_LENGTH__:0x20000
                0x0000ff00                __DATA_REGION_LENGTH__ = DEFINED (__DATA_REGION_LENGTH__)?__DATA_REGION_LENGTH__:0xff00
                0x00010000                __EEPROM_REGION_LENGTH__ = DEFINED (__EEPROM_REGION_LENGTH__)?__EEPROM_REGION_LENGTH__:0x10000
                [0x00000003]                __FUSE_REGION_LENGTH__ = DEFINED (__FUSE_REGION_LENGTH__)?__FUSE_REGION_LENGTH__:0x400
                0x00000400                __LOCK_REGION_LENGTH__ = DEFINED (__LOCK_REGION_LENGTH__)?__LOCK_REGION_LENGTH__:0x400
                0x00000400                __SIGNATURE_REGION_LENGTH__ = DEFINED (__SIGNATURE_REGION_LENGTH__)?__SIGNATURE_REGION_LENGTH__:0x400
                0x00000400                __USER_SIGNATURE_REGION_LENGTH__ = DEFINED (__USER_SIGNATURE_REGION_LENGTH__)?__USER_SIGNATURE_REGION_LENGTH__:0x400

.hash
 *(.hash)

.dynsym
 *(.dynsym)

.dynstr
 *(.dynstr)

.gnu.version
 *(.gnu.version)

.gnu.version_d
 *(.gnu.version_d)

.gnu.version_r
 *(.gnu.version_r)

.rel.init
 *(.rel.init)

.rela.init
 *(.rela.init)

.rel.text
 *(.rel.text)
 *(.rel.text.*)
 *(.rel.gnu.linkonce.t*)

.rela.text
 *(.rela.text)
 *(.rela.text.*)
 *(.rela.gnu.linkonce.t*)

.rel.fini
 *(.rel.fini)

.rela.fini
 *(.rela.fini)

.rel.rodata
 *(.rel.rodata)
 *(.rel.rodata.*)
 *(.rel.gnu.linkonce.r*)

.rela.rodata
 *(.rela.rodata)
 *(.rela.rodata.*)
 *(.rela.gnu.linkonce.r*)

.rel.data
 *(.rel.data)
 *(.rel.data.*)
 *(.rel.gnu.linkonce.d*)

.rela.data
 *(.rela.data)
 *(.rela.data.*)
 *(.rela.gnu.linkonce.d*)

.rel.ctors
 *(.rel.ctors)

.rela.ctors
 *(.rela.ctors)

.rel.dtors
 *(.rel.dtors)

.rela.dtors
 *(.rela.dtors)

.rel.got
 *(.rel.got)

.rela.got
 *(.rela.got)

.rel.bss
 *(.rel.bss)

.rela.bss
 *(.rela.bss)

.rel.plt
 *(.rel.plt)

.rela.plt
 *(.rela.plt)

.text           0x00000000     0x1664
 *(.vectors)
 .vectors       0x00000000       0x8c C:/Program Files (x86)/Atmel/Studio/7.0/Packs/atmel/ATmega_DFP/1.3.300/gcc/dev/atmega1284/avr51/crtatmega1284.o
                0x00000000                __vector_default
                0x00000000                __vectors
 *(.vectors)
 *(.progmem.gcc*)
                0x0000008c                . = ALIGN (0x2)
                0x0000008c                __trampolines_start = .
 *(.trampolines)
 .trampolines   0x0000008c        0x0 linker stubs
 *(.trampolines*)
                0x0000008c                __trampolines_end = .
 *libprintf_flt.a:*(.progmem.data)
 *libc.a:*(.progmem.data)
 *(.progmem*)
                0x0000008c                . = ALIGN (0x2)
 *(.jumptables)
 *(.jumptables*)
 *(.lowtext)
 *(.lowtext*)
                0x0000008c                __ctors_start = .
 *(.ctors)
                0x0000008c                __ctors_end = .
                0x0000008c                __dtors_start = .
 *(.dtors)
                0x0000008c                __dtors_end = .
 SORT(*)(.ctors)
 SORT(*)(.dtors)
 *(.init0)
 .init0         0x0000008c        0x0 C:/Program Files (x86)/Atmel/Studio/7.0/Packs/atmel/ATmega_DFP/1.3.300/gcc/dev/atmega1284/avr51/crtatmega1284.o
                0x0000008c                __init
 *(.init0)
 *(.init1)
 *(.init1)
 *(.init2)
 .init2         0x0000008c        0xc C:/Program Files (x86)/Atmel/Studio/7.0/Packs/atmel/ATmega_DFP/1.3.300/gcc/dev/atmega1284/avr51/crtatmega1284.o
 *(.init2)
 *(.init3)
 *(.init3)
 *(.init4)
 .init4         0x00000098       0x1a c:/program files (x86)/atmel/studio/7.0/toolchain/avr8/avr8-gnu-toolchain/bin/../lib/gcc/avr/5.4.0/avr51\libgcc.a(_copy_data.o)
                0x00000098                __do_copy_data
 .init4         0x000000b2       0x10 c:/program files (x86)/atmel/studio/7.0/toolchain/avr8/avr8-gnu-toolchain/bin/../lib/gcc/avr/5.4.0/avr51\libgcc.a(_clear_bss.o)
                0x000000b2                __do_clear_bss
 *(.init4)
 *(.init5)
 *(.init5)
 *(.init6)
 *(.init6)
 *(.init7)
 *(.init7)
 *(.init8)
 *(.init8)
 *(.init9)
 .init9         0x000000c2        0x6 C:/Program Files (x86)/Atmel/Studio/7.0/Packs/atmel/ATmega_DFP/1.3.300/gcc/dev/atmega1284/avr51/crtatmega1284.o
 *(.init9)
 *(.text)
 .text          0x000000c8        0x2 C:/Program Files (x86)/Atmel/Studio/7.0/Packs/atmel/ATmega_DFP/1.3.300/gcc/dev/atmega1284/avr51/crtatmega1284.o
                0x000000c8                __vector_22
                0x000000c8                __vector_28
                0x000000c8                __vector_1
                0x000000c8                __vector_32
                0x000000c8                __vector_34
                0x000000c8                __vector_24
                0x000000c8                __vector_12
                0x000000c8                __bad_interrupt
                0x000000c8                __vector_6
                0x000000c8                __vector_31
                0x000000c8                __vector_3
                0x000000c8                __vector_23
                0x000000c8                __vector_30
                0x000000c8                __vector_25
                0x000000c8                __vector_11
                0x000000c8                __vector_17
                0x000000c8                __vector_19
                0x000000c8                __vector_7
                0x000000c8                __vector_27
                0x000000c8                __vector_5
                0x000000c8                __vector_33
                0x000000c8                __vector_4
                0x000000c8                __vector_9
                0x000000c8                __vector_2
                0x000000c8                __vector_21
                0x000000c8                __vector_15
                0x000000c8                __vector_29
                0x000000c8                __vector_8
                0x000000c8                __vector_26
                0x000000c8                __vector_14
                0x000000c8                __vector_10
                0x000000c8                __vector_16
                0x000000c8                __vector_18
                0x000000c8                __vector_20
                0x000000ca                . = ALIGN (0x2)
 *(.text.*)
 .text.pvPortMalloc
                0x000000ca       0xa6 heap_1.o
                0x000000ca                pvPortMalloc
 .text.vPortFree
                0x00000170       0x1a heap_1.o
                0x00000170                vPortFree
 .text.vListInitialise
                0x0000018a       0x6c list.o
                0x0000018a                vListInitialise
 .text.vListInitialiseItem
                0x000001f6       0x24 list.o
                0x000001f6                vListInitialiseItem
 .text.vListInsertEnd
                0x0000021a       0x9e list.o
                0x0000021a                vListInsertEnd
 .text.vListInsert
                0x000002b8       0xf0 list.o
                0x000002b8                vListInsert
 .text.uxListRemove
                0x000003a8       0xae list.o
                0x000003a8                uxListRemove
 .text.LEDS_Init
                0x00000456       0x14 main.o
                0x00000456                LEDS_Init
 .text.LEDS_Tick
                0x0000046a      0x116 main.o
                0x0000046a                LEDS_Tick
 .text.LedSecTask
                0x00000580       0x14 main.o
                0x00000580                LedSecTask
 .text.StartSecPulse
                0x00000594       0x3a main.o
                0x00000594                StartSecPulse
 .text.main     0x000005ce       0x3c main.o
                0x000005ce                main
 .text.pxPortInitialiseStack
                0x0000060a      0x352 port.o
                0x0000060a                pxPortInitialiseStack
 .text.xPortStartScheduler
                0x0000095c       0x68 port.o
                0x0000095c                xPortStartScheduler
 .text.vPortYield
                0x000009c4       0xb2 port.o
                0x000009c4                vPortYield
 .text.vPortYieldFromTick
                0x00000a76       0xb8 port.o
                0x00000a76                vPortYieldFromTick
 .text.prvSetupTimerInterrupt
                0x00000b2e       0xc4 port.o
 .text.__vector_13
                0x00000bf2        0x6 port.o
                0x00000bf2                __vector_13
 .text.xTaskCreate
                0x00000bf8       0xf0 tasks.o
                0x00000bf8                xTaskCreate
 .text.prvInitialiseNewTask
                0x00000ce8      0x190 tasks.o
 .text.prvAddNewTaskToReadyList
                0x00000e78       0xf6 tasks.o
 .text.vTaskDelay
                0x00000f6e       0x3e tasks.o
                0x00000f6e                vTaskDelay
 .text.vTaskStartScheduler
                0x00000fac       0x66 tasks.o
                0x00000fac                vTaskStartScheduler
 .text.vTaskSuspendAll
                0x00001012       0x1a tasks.o
                0x00001012                vTaskSuspendAll
 .text.xTaskResumeAll
                0x0000102c      0x122 tasks.o
                0x0000102c                xTaskResumeAll
 .text.xTaskIncrementTick
                0x0000114e      0x1d4 tasks.o
                0x0000114e                xTaskIncrementTick
 .text.vTaskSwitchContext
                0x00001322       0xe8 tasks.o
                0x00001322                vTaskSwitchContext
 .text.prvIdleTask
                0x0000140a       0x1c tasks.o
 .text.prvInitialiseTaskLists
                0x00001426       0x7c tasks.o
 .text.prvCheckTasksWaitingTermination
                0x000014a2       0x60 tasks.o
 .text.prvDeleteTCB
                0x00001502       0x30 tasks.o
 .text.prvResetNextTaskUnblockTime
                0x00001532       0x5e tasks.o
 .text.prvAddCurrentTaskToDelayedList
                0x00001590       0xd0 tasks.o
                0x00001660                . = ALIGN (0x2)
 *(.fini9)
 .fini9         0x00001660        0x0 c:/program files (x86)/atmel/studio/7.0/toolchain/avr8/avr8-gnu-toolchain/bin/../lib/gcc/avr/5.4.0/avr51\libgcc.a(_exit.o)
                0x00001660                _exit
                0x00001660                exit
 *(.fini9)
 *(.fini8)
 *(.fini8)
 *(.fini7)
 *(.fini7)
 *(.fini6)
 *(.fini6)
 *(.fini5)
 *(.fini5)
 *(.fini4)
 *(.fini4)
 *(.fini3)
 *(.fini3)
 *(.fini2)
 *(.fini2)
 *(.fini1)
 *(.fini1)
 *(.fini0)
 .fini0         0x00001660        0x4 c:/program files (x86)/atmel/studio/7.0/toolchain/avr8/avr8-gnu-toolchain/bin/../lib/gcc/avr/5.4.0/avr51\libgcc.a(_exit.o)
 *(.fini0)
                0x00001664                _etext = .

.data           0x00800100       0x10 load address 0x00001664
                0x00800100                PROVIDE (__data_start, .)
 *(.data)
 *(.data*)
 *(.gnu.linkonce.d*)
 *(.rodata)
 .rodata        0x00800100        0xb main.o
 .rodata        0x0080010b        0x5 tasks.o
 *(.rodata*)
 *(.gnu.linkonce.r*)
                0x00800110                . = ALIGN (0x2)
                0x00800110                _edata = .
                0x00800110                PROVIDE (__data_end, .)

.bss            0x00800110      0x641
                0x00800110                PROVIDE (__bss_start, .)
 *(.bss)
 *(.bss*)
 .bss.ucHeap    0x00800110      0x5dc heap_1.o
 .bss.xNextFreeByte
                0x008006ec        0x2 heap_1.o
 .bss.pucAlignedHeap.2085
                0x008006ee        0x2 heap_1.o
 .bss.cnt       0x008006f0        0x1 main.o
                0x008006f0                cnt
 .bss.pxCurrentTCB
                0x008006f1        0x2 tasks.o
                0x008006f1                pxCurrentTCB
 .bss.pxReadyTasksLists
                0x008006f3       0x24 tasks.o
 .bss.xDelayedTaskList1
                0x00800717        0x9 tasks.o
 .bss.xDelayedTaskList2
                0x00800720        0x9 tasks.o
 .bss.pxDelayedTaskList
                0x00800729        0x2 tasks.o
 .bss.pxOverflowDelayedTaskList
                0x0080072b        0x2 tasks.o
 .bss.xPendingReadyList
                0x0080072d        0x9 tasks.o
 .bss.xTasksWaitingTermination
                0x00800736        0x9 tasks.o
 .bss.uxDeletedTasksWaitingCleanUp
                0x0080073f        0x1 tasks.o
 .bss.uxCurrentNumberOfTasks
                0x00800740        0x1 tasks.o
 .bss.xTickCount
                0x00800741        0x2 tasks.o
 .bss.uxTopReadyPriority
                0x00800743        0x1 tasks.o
 .bss.xSchedulerRunning
                0x00800744        0x1 tasks.o
 .bss.uxPendedTicks
                0x00800745        0x1 tasks.o
 .bss.xYieldPending
                0x00800746        0x1 tasks.o
 .bss.xNumOfOverflows
                0x00800747        0x1 tasks.o
 .bss.uxTaskNumber
                0x00800748        0x1 tasks.o
 .bss.xNextTaskUnblockTime
                0x00800749        0x2 tasks.o
 .bss.xIdleTaskHandle
                0x0080074b        0x2 tasks.o
 .bss.uxSchedulerSuspended
                0x0080074d        0x1 tasks.o
 *(COMMON)
 COMMON         0x0080074e        0x3 main.o
                0x0080074e                tmp
                0x0080074f                led_state
                0x00800750                tmp_2
                0x00800751                PROVIDE (__bss_end, .)
                0x00001664                __data_load_start = LOADADDR (.data)
                0x00001674                __data_load_end = (__data_load_start + SIZEOF (.data))

.noinit         0x00800751        0x0
                [!provide]                PROVIDE (__noinit_start, .)
 *(.noinit*)
                [!provide]                PROVIDE (__noinit_end, .)
                0x00800751                _end = .
                [!provide]                PROVIDE (__heap_start, .)

.eeprom         0x00810000        0x0
 *(.eeprom*)
                0x00810000                __eeprom_end = .

.fuse
 *(.fuse)
 *(.lfuse)
 *(.hfuse)
 *(.efuse)

.lock
 *(.lock*)

.signature
 *(.signature*)

.user_signatures
 *(.user_signatures*)

.stab
 *(.stab)

.stabstr
 *(.stabstr)

.stab.excl
 *(.stab.excl)

.stab.exclstr
 *(.stab.exclstr)

.stab.index
 *(.stab.index)

.stab.indexstr
 *(.stab.indexstr)

.comment        0x00000000       0x30
 *(.comment)
 .comment       0x00000000       0x30 heap_1.o
                                 0x31 (size before relaxing)
 .comment       0x00000030       0x31 list.o
 .comment       0x00000030       0x31 main.o
 .comment       0x00000030       0x31 port.o
 .comment       0x00000030       0x31 tasks.o

.note.gnu.avr.deviceinfo
                0x00000000       0x40
 .note.gnu.avr.deviceinfo
                0x00000000       0x40 C:/Program Files (x86)/Atmel/Studio/7.0/Packs/atmel/ATmega_DFP/1.3.300/gcc/dev/atmega1284/avr51/crtatmega1284.o

.note.gnu.build-id
 *(.note.gnu.build-id)

.debug
 *(.debug)

.line
 *(.line)

.debug_srcinfo
 *(.debug_srcinfo)

.debug_sfnames
 *(.debug_sfnames)

.debug_aranges  0x00000000      0x248
 *(.debug_aranges)
 .debug_aranges
                0x00000000       0x38 heap_1.o
 .debug_aranges
                0x00000038       0x40 list.o
 .debug_aranges
                0x00000078       0x40 main.o
 .debug_aranges
                0x000000b8       0x50 port.o
 .debug_aranges
                0x00000108      0x140 tasks.o

.debug_pubnames
 *(.debug_pubnames)

.debug_info     0x00000000     0x1f48
 *(.debug_info .gnu.linkonce.wi.*)
 .debug_info    0x00000000      0x792 C:/Program Files (x86)/Atmel/Studio/7.0/Packs/atmel/ATmega_DFP/1.3.300/gcc/dev/atmega1284/avr51/crtatmega1284.o
 .debug_info    0x00000792      0x170 heap_1.o
 .debug_info    0x00000902      0x2bb list.o
 .debug_info    0x00000bbd      0x166 main.o
 .debug_info    0x00000d23      0x1ed port.o
 .debug_info    0x00000f10     0x1038 tasks.o

.debug_abbrev   0x00000000      0xcc9
 *(.debug_abbrev)
 .debug_abbrev  0x00000000      0x729 C:/Program Files (x86)/Atmel/Studio/7.0/Packs/atmel/ATmega_DFP/1.3.300/gcc/dev/atmega1284/avr51/crtatmega1284.o
 .debug_abbrev  0x00000729       0xf0 heap_1.o
 .debug_abbrev  0x00000819       0xc7 list.o
 .debug_abbrev  0x000008e0       0xed main.o
 .debug_abbrev  0x000009cd      0x104 port.o
 .debug_abbrev  0x00000ad1      0x1f8 tasks.o

.debug_line     0x00000000     0x1b6c
 *(.debug_line .debug_line.* .debug_line_end)
 .debug_line    0x00000000      0x169 C:/Program Files (x86)/Atmel/Studio/7.0/Packs/atmel/ATmega_DFP/1.3.300/gcc/dev/atmega1284/avr51/crtatmega1284.o
 .debug_line    0x00000169      0x1af heap_1.o
 .debug_line    0x00000318      0x26b list.o
 .debug_line    0x00000583      0x20a main.o
 .debug_line    0x0000078d      0x45d port.o
 .debug_line    0x00000bea      0xf82 tasks.o

.debug_frame    0x00000000      0x82c
 *(.debug_frame)
 .debug_frame   0x00000000       0x94 heap_1.o
 .debug_frame   0x00000094       0xb4 list.o
 .debug_frame   0x00000148       0xc4 main.o
 .debug_frame   0x0000020c       0xc4 port.o
 .debug_frame   0x000002d0      0x55c tasks.o

.debug_str      0x00000000      0xf58
 *(.debug_str)
 .debug_str     0x00000000      0x296 C:/Program Files (x86)/Atmel/Studio/7.0/Packs/atmel/ATmega_DFP/1.3.300/gcc/dev/atmega1284/avr51/crtatmega1284.o
 .debug_str     0x00000296      0x1f4 heap_1.o
                                0x22d (size before relaxing)
 .debug_str     0x0000048a      0x149 list.o
                                0x2db (size before relaxing)
 .debug_str     0x000005d3       0x5c main.o
                                0x1f9 (size before relaxing)
 .debug_str     0x0000062f       0xf3 port.o
                                0x2af (size before relaxing)
 .debug_str     0x00000722      0x836 tasks.o
                                0xafd (size before relaxing)

.debug_loc      0x00000000     0x1096
 *(.debug_loc)
 .debug_loc     0x00000000      0x106 heap_1.o
 .debug_loc     0x00000106      0x167 list.o
 .debug_loc     0x0000026d      0x15b main.o
 .debug_loc     0x000003c8      0x105 port.o
 .debug_loc     0x000004cd      0xbc9 tasks.o

.debug_macinfo
 *(.debug_macinfo)

.debug_weaknames
 *(.debug_weaknames)

.debug_funcnames
 *(.debug_funcnames)

.debug_typenames
 *(.debug_typenames)

.debug_varnames
 *(.debug_varnames)

.debug_pubtypes
 *(.debug_pubtypes)

.debug_ranges   0x00000000      0x1f8
 *(.debug_ranges)
 .debug_ranges  0x00000000       0x28 heap_1.o
 .debug_ranges  0x00000028       0x30 list.o
 .debug_ranges  0x00000058       0x30 main.o
 .debug_ranges  0x00000088       0x40 port.o
 .debug_ranges  0x000000c8      0x130 tasks.o

.debug_macro
 *(.debug_macro)
OUTPUT(Eredo001_Lab4_Part3.elf elf32-avr)
LOAD linker stubs
